This is pdfTeX, Version 3.141592653-2.6-1.40.25 (TeX Live 2023) (preloaded format=pdflatex 2026.5.10)  10 MAY 2026 22:14
entering extended mode
 restricted \write18 enabled.
 %&-line parsing enabled.
**av2.tex
(./av2.tex
LaTeX2e <2022-11-01> patch level 1
L3 programming layer <2023-02-22>
(/usr/share/texlive/texmf-dist/tex/latex/ieeetran/IEEEtran.cls
Document Class: IEEEtran 2015/08/26 V1.8b by Michael Shell
-- See the "IEEEtran_HOWTO" manual for usage information.
-- http://www.michaelshell.org/tex/ieeetran/
\@IEEEtrantmpdimenA=\dimen140
\@IEEEtrantmpdimenB=\dimen141
\@IEEEtrantmpdimenC=\dimen142
\@IEEEtrantmpcountA=\count185
\@IEEEtrantmpcountB=\count186
\@IEEEtrantmpcountC=\count187
\@IEEEtrantmptoksA=\toks16
LaTeX Font Info:    Trying to load font information for OT1+ptm on input line 5
03.
(/usr/share/texlive/texmf-dist/tex/latex/psnfss/ot1ptm.fd
File: ot1ptm.fd 2001/06/04 font definitions for OT1/ptm.
)
** ATTENTION: Single column mode is not typically used with IEEE publications.
-- Using 8.5in x 11in (letter) paper.
-- Using PDF output.
\@IEEEnormalsizeunitybaselineskip=\dimen143
-- This is a 10 point document.
\CLASSINFOnormalsizebaselineskip=\dimen144
\CLASSINFOnormalsizeunitybaselineskip=\dimen145
\IEEEnormaljot=\dimen146
LaTeX Font Info:    Font shape `OT1/ptm/bx/n' in size <5> not available
(Font)              Font shape `OT1/ptm/b/n' tried instead on input line 1090.
LaTeX Font Info:    Font shape `OT1/ptm/bx/it' in size <5> not available
(Font)              Font shape `OT1/ptm/b/it' tried instead on input line 1090.

LaTeX Font Info:    Font shape `OT1/ptm/bx/n' in size <7> not available
(Font)              Font shape `OT1/ptm/b/n' tried instead on input line 1090.
LaTeX Font Info:    Font shape `OT1/ptm/bx/it' in size <7> not available
(Font)              Font shape `OT1/ptm/b/it' tried instead on input line 1090.

LaTeX Font Info:    Font shape `OT1/ptm/bx/n' in size <8> not available
(Font)              Font shape `OT1/ptm/b/n' tried instead on input line 1090.
LaTeX Font Info:    Font shape `OT1/ptm/bx/it' in size <8> not available
(Font)              Font shape `OT1/ptm/b/it' tried instead on input line 1090.

LaTeX Font Info:    Font shape `OT1/ptm/bx/n' in size <9> not available
(Font)              Font shape `OT1/ptm/b/n' tried instead on input line 1090.
LaTeX Font Info:    Font shape `OT1/ptm/bx/it' in size <9> not available
(Font)              Font shape `OT1/ptm/b/it' tried instead on input line 1090.

LaTeX Font Info:    Font shape `OT1/ptm/bx/n' in size <10> not available
(Font)              Font shape `OT1/ptm/b/n' tried instead on input line 1090.
LaTeX Font Info:    Font shape `OT1/ptm/bx/it' in size <10> not available
(Font)              Font shape `OT1/ptm/b/it' tried instead on input line 1090.

LaTeX Font Info:    Font shape `OT1/ptm/bx/n' in size <11> not available
(Font)              Font shape `OT1/ptm/b/n' tried instead on input line 1090.
LaTeX Font Info:    Font shape `OT1/ptm/bx/it' in size <11> not available
(Font)              Font shape `OT1/ptm/b/it' tried instead on input line 1090.

LaTeX Font Info:    Font shape `OT1/ptm/bx/n' in size <12> not available
(Font)              Font shape `OT1/ptm/b/n' tried instead on input line 1090.
LaTeX Font Info:    Font shape `OT1/ptm/bx/it' in size <12> not available
(Font)              Font shape `OT1/ptm/b/it' tried instead on input line 1090.

LaTeX Font Info:    Font shape `OT1/ptm/bx/n' in size <17> not available
(Font)              Font shape `OT1/ptm/b/n' tried instead on input line 1090.
LaTeX Font Info:    Font shape `OT1/ptm/bx/it' in size <17> not available
(Font)              Font shape `OT1/ptm/b/it' tried instead on input line 1090.

LaTeX Font Info:    Font shape `OT1/ptm/bx/n' in size <20> not available
(Font)              Font shape `OT1/ptm/b/n' tried instead on input line 1090.
LaTeX Font Info:    Font shape `OT1/ptm/bx/it' in size <20> not available
(Font)              Font shape `OT1/ptm/b/it' tried instead on input line 1090.

LaTeX Font Info:    Font shape `OT1/ptm/bx/n' in size <24> not available
(Font)              Font shape `OT1/ptm/b/n' tried instead on input line 1090.
LaTeX Font Info:    Font shape `OT1/ptm/bx/it' in size <24> not available
(Font)              Font shape `OT1/ptm/b/it' tried instead on input line 1090.

\IEEEquantizedlength=\dimen147
\IEEEquantizedlengthdiff=\dimen148
\IEEEquantizedtextheightdiff=\dimen149
\IEEEilabelindentA=\dimen150
\IEEEilabelindentB=\dimen151
\IEEEilabelindent=\dimen152
\IEEEelabelindent=\dimen153
\IEEEdlabelindent=\dimen154
\IEEElabelindent=\dimen155
\IEEEiednormlabelsep=\dimen156
\IEEEiedmathlabelsep=\dimen157
\IEEEiedtopsep=\skip48
\c@section=\count188
\c@subsection=\count189
\c@subsubsection=\count190
\c@paragraph=\count191
\c@IEEEsubequation=\count192
\abovecaptionskip=\skip49
\belowcaptionskip=\skip50
\c@figure=\count193
\c@table=\count194
\@IEEEeqnnumcols=\count195
\@IEEEeqncolcnt=\count196
\@IEEEsubeqnnumrollback=\count197
\@IEEEquantizeheightA=\dimen158
\@IEEEquantizeheightB=\dimen159
\@IEEEquantizeheightC=\dimen160
\@IEEEquantizeprevdepth=\dimen161
\@IEEEquantizemultiple=\count198
\@IEEEquantizeboxA=\box51
\@IEEEtmpitemindent=\dimen162
\IEEEPARstartletwidth=\dimen163
\c@IEEEbiography=\count199
\@IEEEtranrubishbin=\box52
) (/usr/share/texlive/texmf-dist/tex/latex/base/inputenc.sty
Package: inputenc 2021/02/14 v1.3d Input encoding file
\inpenc@prehook=\toks17
\inpenc@posthook=\toks18
)
(/usr/share/texlive/texmf-dist/tex/latex/base/fontenc.sty
Package: fontenc 2021/04/29 v2.0v Standard LaTeX package
LaTeX Font Info:    Trying to load font information for T1+ptm on input line 11
2.

(/usr/share/texlive/texmf-dist/tex/latex/psnfss/t1ptm.fd
File: t1ptm.fd 2001/06/04 font definitions for T1/ptm.
))
(/usr/share/texlive/texmf-dist/tex/generic/babel/babel.sty
Package: babel 2023/02/13 3.86 The Babel package
\babel@savecnt=\count266
\U@D=\dimen164
\l@unhyphenated=\language85

(/usr/share/texlive/texmf-dist/tex/generic/babel/txtbabel.def)
\bbl@readstream=\read2
\bbl@dirlevel=\count267

(/usr/share/texlive/texmf-dist/tex/generic/babel-portuges/brazil.ldf
Language: portuges 2021/07/09 v1.2t Portuguese support from the babel system
Package babel Info: Hyphen rules for 'brazil' set to \l@portuguese
(babel)             (\language81). Reported on input line 111.
Package babel Info: Making " an active character on input line 143.
))
(/usr/share/texlive/texmf-dist/tex/latex/amsmath/amsmath.sty
Package: amsmath 2022/04/08 v2.17n AMS math features
\@mathmargin=\skip51

For additional information on amsmath, use the `?' option.
(/usr/share/texlive/texmf-dist/tex/latex/amsmath/amstext.sty
Package: amstext 2021/08/26 v2.01 AMS text

(/usr/share/texlive/texmf-dist/tex/latex/amsmath/amsgen.sty
File: amsgen.sty 1999/11/30 v2.0 generic functions
\@emptytoks=\toks19
\ex@=\dimen165
))
(/usr/share/texlive/texmf-dist/tex/latex/amsmath/amsbsy.sty
Package: amsbsy 1999/11/29 v1.2d Bold Symbols
\pmbraise@=\dimen166
)
(/usr/share/texlive/texmf-dist/tex/latex/amsmath/amsopn.sty
Package: amsopn 2022/04/08 v2.04 operator names
)
\inf@bad=\count268
LaTeX Info: Redefining \frac on input line 234.
\uproot@=\count269
\leftroot@=\count270
LaTeX Info: Redefining \overline on input line 399.
LaTeX Info: Redefining \colon on input line 410.
\classnum@=\count271
\DOTSCASE@=\count272
LaTeX Info: Redefining \ldots on input line 496.
LaTeX Info: Redefining \dots on input line 499.
LaTeX Info: Redefining \cdots on input line 620.
\Mathstrutbox@=\box53
\strutbox@=\box54
LaTeX Info: Redefining \big on input line 722.
LaTeX Info: Redefining \Big on input line 723.
LaTeX Info: Redefining \bigg on input line 724.
LaTeX Info: Redefining \Bigg on input line 725.
\big@size=\dimen167
LaTeX Font Info:    Redeclaring font encoding OML on input line 743.
LaTeX Font Info:    Redeclaring font encoding OMS on input line 744.
\macc@depth=\count273
LaTeX Info: Redefining \bmod on input line 905.
LaTeX Info: Redefining \pmod on input line 910.
LaTeX Info: Redefining \smash on input line 940.
LaTeX Info: Redefining \relbar on input line 970.
LaTeX Info: Redefining \Relbar on input line 971.
\c@MaxMatrixCols=\count274
\dotsspace@=\muskip16
\c@parentequation=\count275
\dspbrk@lvl=\count276
\tag@help=\toks20
\row@=\count277
\column@=\count278
\maxfields@=\count279
\andhelp@=\toks21
\eqnshift@=\dimen168
\alignsep@=\dimen169
\tagshift@=\dimen170
\tagwidth@=\dimen171
\totwidth@=\dimen172
\lineht@=\dimen173
\@envbody=\toks22
\multlinegap=\skip52
\multlinetaggap=\skip53
\mathdisplay@stack=\toks23
LaTeX Info: Redefining \[ on input line 2953.
LaTeX Info: Redefining \] on input line 2954.
)
(/usr/share/texlive/texmf-dist/tex/latex/amsfonts/amssymb.sty
Package: amssymb 2013/01/14 v3.01 AMS font symbols

(/usr/share/texlive/texmf-dist/tex/latex/amsfonts/amsfonts.sty
Package: amsfonts 2013/01/14 v3.01 Basic AMSFonts support
\symAMSa=\mathgroup4
\symAMSb=\mathgroup5
LaTeX Font Info:    Redeclaring math symbol \hbar on input line 98.
LaTeX Font Info:    Overwriting math alphabet `\mathfrak' in version `bold'
(Font)                  U/euf/m/n --> U/euf/b/n on input line 106.
))
(/usr/share/texlive/texmf-dist/tex/latex/graphics/graphicx.sty
Package: graphicx 2021/09/16 v1.2d Enhanced LaTeX Graphics (DPC,SPQR)

(/usr/share/texlive/texmf-dist/tex/latex/graphics/keyval.sty
Package: keyval 2022/05/29 v1.15 key=value parser (DPC)
\KV@toks@=\toks24
)
(/usr/share/texlive/texmf-dist/tex/latex/graphics/graphics.sty
Package: graphics 2022/03/10 v1.4e Standard LaTeX Graphics (DPC,SPQR)

(/usr/share/texlive/texmf-dist/tex/latex/graphics/trig.sty
Package: trig 2021/08/11 v1.11 sin cos tan (DPC)
)
(/usr/share/texlive/texmf-dist/tex/latex/graphics-cfg/graphics.cfg
File: graphics.cfg 2016/06/04 v1.11 sample graphics configuration
)
Package graphics Info: Driver file: pdftex.def on input line 107.

(/usr/share/texlive/texmf-dist/tex/latex/graphics-def/pdftex.def
File: pdftex.def 2022/09/22 v1.2b Graphics/color driver for pdftex
))
\Gin@req@height=\dimen174
\Gin@req@width=\dimen175
)
(/usr/share/texlive/texmf-dist/tex/latex/booktabs/booktabs.sty
Package: booktabs 2020/01/12 v1.61803398 Publication quality tables
\heavyrulewidth=\dimen176
\lightrulewidth=\dimen177
\cmidrulewidth=\dimen178
\belowrulesep=\dimen179
\belowbottomsep=\dimen180
\aboverulesep=\dimen181
\abovetopsep=\dimen182
\cmidrulesep=\dimen183
\cmidrulekern=\dimen184
\defaultaddspace=\dimen185
\@cmidla=\count280
\@cmidlb=\count281
\@aboverulesep=\dimen186
\@belowrulesep=\dimen187
\@thisruleclass=\count282
\@lastruleclass=\count283
\@thisrulewidth=\dimen188
)
(/usr/share/texlive/texmf-dist/tex/latex/cite/cite.sty
LaTeX Info: Redefining \cite on input line 302.
LaTeX Info: Redefining \nocite on input line 332.
Package: cite 2015/02/27  v 5.5
)
(/usr/share/texlive/texmf-dist/tex/latex/float/float.sty
Package: float 2001/11/08 v1.3d Float enhancements (AL)
\c@float@type=\count284
\float@exts=\toks25
\float@box=\box55
\@float@everytoks=\toks26
\@floatcapt=\box56
)
(/usr/share/texlive/texmf-dist/tex/latex/hyperref/hyperref.sty
Package: hyperref 2023-02-07 v7.00v Hypertext links for LaTeX

(/usr/share/texlive/texmf-dist/tex/generic/ltxcmds/ltxcmds.sty
Package: ltxcmds 2020-05-10 v1.25 LaTeX kernel commands for general use (HO)
)
(/usr/share/texlive/texmf-dist/tex/generic/iftex/iftex.sty
Package: iftex 2022/02/03 v1.0f TeX engine tests
)
(/usr/share/texlive/texmf-dist/tex/generic/pdftexcmds/pdftexcmds.sty
Package: pdftexcmds 2020-06-27 v0.33 Utility functions of pdfTeX for LuaTeX (HO
)

(/usr/share/texlive/texmf-dist/tex/generic/infwarerr/infwarerr.sty
Package: infwarerr 2019/12/03 v1.5 Providing info/warning/error messages (HO)
)
Package pdftexcmds Info: \pdf@primitive is available.
Package pdftexcmds Info: \pdf@ifprimitive is available.
Package pdftexcmds Info: \pdfdraftmode found.
)
(/usr/share/texlive/texmf-dist/tex/latex/kvsetkeys/kvsetkeys.sty
Package: kvsetkeys 2022-10-05 v1.19 Key value parser (HO)
)
(/usr/share/texlive/texmf-dist/tex/generic/kvdefinekeys/kvdefinekeys.sty
Package: kvdefinekeys 2019-12-19 v1.6 Define keys (HO)
)
(/usr/share/texlive/texmf-dist/tex/generic/pdfescape/pdfescape.sty
Package: pdfescape 2019/12/09 v1.15 Implements pdfTeX's escape features (HO)
)
(/usr/share/texlive/texmf-dist/tex/latex/hycolor/hycolor.sty
Package: hycolor 2020-01-27 v1.10 Color options for hyperref/bookmark (HO)
)
(/usr/share/texlive/texmf-dist/tex/latex/letltxmacro/letltxmacro.sty
Package: letltxmacro 2019/12/03 v1.6 Let assignment for LaTeX macros (HO)
)
(/usr/share/texlive/texmf-dist/tex/latex/auxhook/auxhook.sty
Package: auxhook 2019-12-17 v1.6 Hooks for auxiliary files (HO)
)
(/usr/share/texlive/texmf-dist/tex/latex/hyperref/nameref.sty
Package: nameref 2022-05-17 v2.50 Cross-referencing by name of section

(/usr/share/texlive/texmf-dist/tex/latex/refcount/refcount.sty
Package: refcount 2019/12/15 v3.6 Data extraction from label references (HO)
)
(/usr/share/texlive/texmf-dist/tex/generic/gettitlestring/gettitlestring.sty
Package: gettitlestring 2019/12/15 v1.6 Cleanup title references (HO)

(/usr/share/texlive/texmf-dist/tex/latex/kvoptions/kvoptions.sty
Package: kvoptions 2022-06-15 v3.15 Key value format for package options (HO)
))
\c@section@level=\count285
)
\@linkdim=\dimen189
\Hy@linkcounter=\count286
\Hy@pagecounter=\count287

(/usr/share/texlive/texmf-dist/tex/latex/hyperref/pd1enc.def
File: pd1enc.def 2023-02-07 v7.00v Hyperref: PDFDocEncoding definition (HO)
Now handling font encoding PD1 ...
... no UTF-8 mapping file for font encoding PD1
)
(/usr/share/texlive/texmf-dist/tex/generic/intcalc/intcalc.sty
Package: intcalc 2019/12/15 v1.3 Expandable calculations with integers (HO)
)
(/usr/share/texlive/texmf-dist/tex/generic/etexcmds/etexcmds.sty
Package: etexcmds 2019/12/15 v1.7 Avoid name clashes with e-TeX commands (HO)
)
\Hy@SavedSpaceFactor=\count288

(/usr/share/texlive/texmf-dist/tex/latex/hyperref/puenc.def
File: puenc.def 2023-02-07 v7.00v Hyperref: PDF Unicode definition (HO)
Now handling font encoding PU ...
... no UTF-8 mapping file for font encoding PU
)
Package hyperref Info: Hyper figures OFF on input line 4177.
Package hyperref Info: Link nesting OFF on input line 4182.
Package hyperref Info: Hyper index ON on input line 4185.
Package hyperref Info: Plain pages OFF on input line 4192.
Package hyperref Info: Backreferencing OFF on input line 4197.
Package hyperref Info: Implicit mode ON; LaTeX internals redefined.
Package hyperref Info: Bookmarks ON on input line 4425.
\c@Hy@tempcnt=\count289

(/usr/share/texlive/texmf-dist/tex/latex/url/url.sty
\Urlmuskip=\muskip17
Package: url 2013/09/16  ver 3.4  Verb mode for urls, etc.
)
LaTeX Info: Redefining \url on input line 4763.
\XeTeXLinkMargin=\dimen190

(/usr/share/texlive/texmf-dist/tex/generic/bitset/bitset.sty
Package: bitset 2019/12/09 v1.3 Handle bit-vector datatype (HO)

(/usr/share/texlive/texmf-dist/tex/generic/bigintcalc/bigintcalc.sty
Package: bigintcalc 2019/12/15 v1.5 Expandable calculations on big integers (HO
)
))
\Fld@menulength=\count290
\Field@Width=\dimen191
\Fld@charsize=\dimen192
Package hyperref Info: Hyper figures OFF on input line 6042.
Package hyperref Info: Link nesting OFF on input line 6047.
Package hyperref Info: Hyper index ON on input line 6050.
Package hyperref Info: backreferencing OFF on input line 6057.
Package hyperref Info: Link coloring OFF on input line 6062.
Package hyperref Info: Link coloring with OCG OFF on input line 6067.
Package hyperref Info: PDF/A mode OFF on input line 6072.

(/usr/share/texlive/texmf-dist/tex/latex/base/atbegshi-ltx.sty
Package: atbegshi-ltx 2021/01/10 v1.0c Emulation of the original atbegshi
package with kernel methods
)
\Hy@abspage=\count291
\c@Item=\count292
\c@Hfootnote=\count293
)
Package hyperref Info: Driver (autodetected): hpdftex.

(/usr/share/texlive/texmf-dist/tex/latex/hyperref/hpdftex.def
File: hpdftex.def 2023-02-07 v7.00v Hyperref driver for pdfTeX

(/usr/share/texlive/texmf-dist/tex/latex/base/atveryend-ltx.sty
Package: atveryend-ltx 2020/08/19 v1.0a Emulation of the original atveryend pac
kage
with kernel methods
)
\Fld@listcount=\count294
\c@bookmark@seq@number=\count295

(/usr/share/texlive/texmf-dist/tex/latex/rerunfilecheck/rerunfilecheck.sty
Package: rerunfilecheck 2022-07-10 v1.10 Rerun checks for auxiliary files (HO)

(/usr/share/texlive/texmf-dist/tex/generic/uniquecounter/uniquecounter.sty
Package: uniquecounter 2019/12/15 v1.4 Provide unlimited unique counter (HO)
)
Package uniquecounter Info: New unique counter `rerunfilecheck' on input line 2
85.
)
\Hy@SectionHShift=\skip54
)
Package hyperref Info: Option `colorlinks' set `true' on input line 17.

(/usr/share/texlive/texmf-dist/tex/latex/l3backend/l3backend-pdftex.def
File: l3backend-pdftex.def 2023-01-16 L3 backend support: PDF output (pdfTeX)
\l__color_backend_stack_int=\count296
\l__pdf_internal_box=\box57
)
(./av2.aux)
\openout1 = `av2.aux'.

LaTeX Font Info:    Checking defaults for OML/cmm/m/it on input line 19.
LaTeX Font Info:    ... okay on input line 19.
LaTeX Font Info:    Checking defaults for OMS/cmsy/m/n on input line 19.
LaTeX Font Info:    ... okay on input line 19.
LaTeX Font Info:    Checking defaults for OT1/cmr/m/n on input line 19.
LaTeX Font Info:    ... okay on input line 19.
LaTeX Font Info:    Checking defaults for T1/cmr/m/n on input line 19.
LaTeX Font Info:    ... okay on input line 19.
LaTeX Font Info:    Checking defaults for TS1/cmr/m/n on input line 19.
LaTeX Font Info:    ... okay on input line 19.
LaTeX Font Info:    Checking defaults for OMX/cmex/m/n on input line 19.
LaTeX Font Info:    ... okay on input line 19.
LaTeX Font Info:    Checking defaults for U/cmr/m/n on input line 19.
LaTeX Font Info:    ... okay on input line 19.
LaTeX Font Info:    Checking defaults for PD1/pdf/m/n on input line 19.
LaTeX Font Info:    ... okay on input line 19.
LaTeX Font Info:    Checking defaults for PU/pdf/m/n on input line 19.
LaTeX Font Info:    ... okay on input line 19.

-- Lines per column: 58 (exact).
(/usr/share/texlive/texmf-dist/tex/context/base/mkii/supp-pdf.mkii
[Loading MPS to PDF converter (version 2006.09.02).]
\scratchcounter=\count297
\scratchdimen=\dimen193
\scratchbox=\box58
\nofMPsegments=\count298
\nofMParguments=\count299
\everyMPshowfont=\toks27
\MPscratchCnt=\count300
\MPscratchDim=\dimen194
\MPnumerator=\count301
\makeMPintoPDFobject=\count302
\everyMPtoPDFconversion=\toks28
) (/usr/share/texlive/texmf-dist/tex/latex/epstopdf-pkg/epstopdf-base.sty
Package: epstopdf-base 2020-01-24 v2.11 Base part for package epstopdf
Package epstopdf-base Info: Redefining graphics rule for `.eps' on input line 4
85.

(/usr/share/texlive/texmf-dist/tex/latex/latexconfig/epstopdf-sys.cfg
File: epstopdf-sys.cfg 2010/07/13 v1.3 Configuration of (r)epstopdf for TeX Liv
e
))
(/usr/share/texlive/texmf-dist/tex/latex/graphics/color.sty
Package: color 2022/01/06 v1.3d Standard LaTeX Color (DPC)

(/usr/share/texlive/texmf-dist/tex/latex/graphics-cfg/color.cfg
File: color.cfg 2016/01/02 v1.6 sample color configuration
)
Package color Info: Driver file: pdftex.def on input line 149.

(/usr/share/texlive/texmf-dist/tex/latex/graphics/mathcolor.ltx))
Package hyperref Info: Link coloring ON on input line 19.
 (./av2.out)
(./av2.out)
\@outlinefile=\write3
\openout3 = `av2.out'.

LaTeX Font Info:    Trying to load font information for U+msa on input line 32.

 (/usr/share/texlive/texmf-dist/tex/latex/amsfonts/umsa.fd
File: umsa.fd 2013/01/14 v3.01 AMS symbols A
)
LaTeX Font Info:    Trying to load font information for U+msb on input line 32.


(/usr/share/texlive/texmf-dist/tex/latex/amsfonts/umsb.fd
File: umsb.fd 2013/01/14 v3.01 AMS symbols B
)
LaTeX Font Info:    Trying to load font information for T1+pcr on input line 42
.

(/usr/share/texlive/texmf-dist/tex/latex/psnfss/t1pcr.fd
File: t1pcr.fd 2001/06/04 font definitions for T1/pcr.
) [1{/var/lib/texmf/fonts/map/pdftex/updmap/pdftex.map}{/usr/share/texlive/texm
f-dist/fonts/enc/dvips/base/8r.enc}]
<../redes_neurais/outputs pt1 edit sem rfb/spiral_scatter.png, id=58, 448.7967p
t x 394.5942pt>
File: ../redes_neurais/outputs pt1 edit sem rfb/spiral_scatter.png Graphic file
 (type png)
<use ../redes_neurais/outputs pt1 edit sem rfb/spiral_scatter.png>
Package pdftex.def Info: ../redes_neurais/outputs pt1 edit sem rfb/spiral_scatt
er.png  used on input line 84.
(pdftex.def)             Requested size: 371.52063pt x 326.6581pt.
<../redes_neurais/outputs pt1 edit sem rfb/etapa1_mlp_underfitting_curva.png, i
d=60, 512.3943pt x 283.2984pt>
File: ../redes_neurais/outputs pt1 edit sem rfb/etapa1_mlp_underfitting_curva.p
ng Graphic file (type png)
<use ../redes_neurais/outputs pt1 edit sem rfb/etapa1_mlp_underfitting_curva.pn
g>
Package pdftex.def Info: ../redes_neurais/outputs pt1 edit sem rfb/etapa1_mlp_u
nderfitting_curva.png  used on input line 94.
(pdftex.def)             Requested size: 165.12378pt x 91.29279pt.
<../redes_neurais/outputs pt1 edit sem rfb/etapa1_mlp_ajuste_intermediario_curv
a.png, id=61, 505.89pt x 283.2984pt>
File: ../redes_neurais/outputs pt1 edit sem rfb/etapa1_mlp_ajuste_intermediario
_curva.png Graphic file (type png)
<use ../redes_neurais/outputs pt1 edit sem rfb/etapa1_mlp_ajuste_intermediario_
curva.png>
Package pdftex.def Info: ../redes_neurais/outputs pt1 edit sem rfb/etapa1_mlp_a
juste_intermediario_curva.png  used on input line 99.
(pdftex.def)             Requested size: 165.12378pt x 92.46858pt.
<../redes_neurais/outputs pt1 edit sem rfb/etapa1_mlp_overfitting_curva.png, id
=62, 505.89pt x 283.2984pt>
File: ../redes_neurais/outputs pt1 edit sem rfb/etapa1_mlp_overfitting_curva.pn
g Graphic file (type png)
<use ../redes_neurais/outputs pt1 edit sem rfb/etapa1_mlp_overfitting_curva.png
>
Package pdftex.def Info: ../redes_neurais/outputs pt1 edit sem rfb/etapa1_mlp_o
verfitting_curva.png  used on input line 104.
(pdftex.def)             Requested size: 165.12378pt x 92.46858pt.
 [2 <../redes_neurais/outputs pt1 edit sem rfb/spiral_scatter.png> <../redes_ne
urais/outputs pt1 edit sem rfb/etapa1_mlp_underfitting_curva.png> <../redes_neu
rais/outputs pt1 edit sem rfb/etapa1_mlp_ajuste_intermediario_curva.png> <../re
des_neurais/outputs pt1 edit sem rfb/etapa1_mlp_overfitting_curva.png>]
<../redes_neurais/outputs pt1 edit/etapa1_boxplot_accuracy.png, id=75, 597.432p
t x 324.9741pt>
File: ../redes_neurais/outputs pt1 edit/etapa1_boxplot_accuracy.png Graphic fil
e (type png)
<use ../redes_neurais/outputs pt1 edit/etapa1_boxplot_accuracy.png>
Package pdftex.def Info: ../redes_neurais/outputs pt1 edit/etapa1_boxplot_accur
acy.png  used on input line 113.
(pdftex.def)             Requested size: 402.47937pt x 218.93648pt.
 [3 <../redes_neurais/outputs pt1 edit/etapa1_boxplot_accuracy.png>]
<../redes_neurais/outputs pt1 edit/etapa1_adaline_melhor_matriz.png, id=85, 370
.0224pt x 388.0899pt>
File: ../redes_neurais/outputs pt1 edit/etapa1_adaline_melhor_matriz.png Graphi
c file (type png)
<use ../redes_neurais/outputs pt1 edit/etapa1_adaline_melhor_matriz.png>
Package pdftex.def Info: ../redes_neurais/outputs pt1 edit/etapa1_adaline_melho
r_matriz.png  used on input line 195.
(pdftex.def)             Requested size: 237.36346pt x 248.95702pt.
<../redes_neurais/outputs pt1 edit/etapa1_mlp_melhor_matriz.png, id=86, 370.022
4pt x 388.0899pt>
File: ../redes_neurais/outputs pt1 edit/etapa1_mlp_melhor_matriz.png Graphic fi
le (type png)
<use ../redes_neurais/outputs pt1 edit/etapa1_mlp_melhor_matriz.png>
Package pdftex.def Info: ../redes_neurais/outputs pt1 edit/etapa1_mlp_melhor_ma
triz.png  used on input line 200.
(pdftex.def)             Requested size: 237.36346pt x 248.95702pt.
<../redes_neurais/outputs_pt2/amostra_redimensionada_30x30.png, id=87, 237.0456
pt x 265.4718pt>
File: ../redes_neurais/outputs_pt2/amostra_redimensionada_30x30.png Graphic fil
e (type png)
<use ../redes_neurais/outputs_pt2/amostra_redimensionada_30x30.png>
Package pdftex.def Info: ../redes_neurais/outputs_pt2/amostra_redimensionada_30
x30.png  used on input line 212.
(pdftex.def)             Requested size: 165.12378pt x 184.93376pt.

[4 <../redes_neurais/outputs pt1 edit/etapa1_adaline_melhor_matriz.png> <../red
es_neurais/outputs pt1 edit/etapa1_mlp_melhor_matriz.png>]
<../redes_neurais/outputs_pt2/etapa2_boxplot_topico7.png, id=100, 499.6266pt x 
380.622pt>
File: ../redes_neurais/outputs_pt2/etapa2_boxplot_topico7.png Graphic file (typ
e png)
<use ../redes_neurais/outputs_pt2/etapa2_boxplot_topico7.png>
Package pdftex.def Info: ../redes_neurais/outputs_pt2/etapa2_boxplot_topico7.pn
g  used on input line 235.
(pdftex.def)             Requested size: 402.47937pt x 306.61203pt.
 [5 <../redes_neurais/outputs_pt2/amostra_redimensionada_30x30.png>]
<../redes_neurais/outputs_pt2/etapa2_adaline_melhor_matriz.png, id=110, 639.107
7pt x 569.4876pt>
File: ../redes_neurais/outputs_pt2/etapa2_adaline_melhor_matriz.png Graphic fil
e (type png)
<use ../redes_neurais/outputs_pt2/etapa2_adaline_melhor_matriz.png>
Package pdftex.def Info: ../redes_neurais/outputs_pt2/etapa2_adaline_melhor_mat
riz.png  used on input line 245.
(pdftex.def)             Requested size: 237.36346pt x 211.50656pt.
<../redes_neurais/outputs_pt2/etapa2_adaline_pior_matriz.png, id=111, 639.1077p
t x 569.4876pt>
File: ../redes_neurais/outputs_pt2/etapa2_adaline_pior_matriz.png Graphic file 
(type png)
<use ../redes_neurais/outputs_pt2/etapa2_adaline_pior_matriz.png>
Package pdftex.def Info: ../redes_neurais/outputs_pt2/etapa2_adaline_pior_matri
z.png  used on input line 250.
(pdftex.def)             Requested size: 237.36346pt x 211.50656pt.
<../redes_neurais/outputs_pt2/etapa2_mlp_melhor_matriz.png, id=112, 639.1077pt 
x 569.4876pt>
File: ../redes_neurais/outputs_pt2/etapa2_mlp_melhor_matriz.png Graphic file (t
ype png)
<use ../redes_neurais/outputs_pt2/etapa2_mlp_melhor_matriz.png>
Package pdftex.def Info: ../redes_neurais/outputs_pt2/etapa2_mlp_melhor_matriz.
png  used on input line 259.
(pdftex.def)             Requested size: 237.36346pt x 211.50656pt.
<../redes_neurais/outputs_pt2/etapa2_mlp_pior_matriz.png, id=113, 639.1077pt x 
569.4876pt>
File: ../redes_neurais/outputs_pt2/etapa2_mlp_pior_matriz.png Graphic file (typ
e png)
<use ../redes_neurais/outputs_pt2/etapa2_mlp_pior_matriz.png>
Package pdftex.def Info: ../redes_neurais/outputs_pt2/etapa2_mlp_pior_matriz.pn
g  used on input line 264.
(pdftex.def)             Requested size: 237.36346pt x 211.50656pt.
 [6 <../redes_neurais/outputs_pt2/etapa2_boxplot_topico7.png> <../redes_neurais
/outputs_pt2/etapa2_adaline_melhor_matriz.png> <../redes_neurais/outputs_pt2/et
apa2_adaline_pior_matriz.png>]
<../redes_neurais/outputs_pt2/etapa2_rbf_melhor_matriz.png, id=124, 639.1077pt 
x 569.4876pt>
File: ../redes_neurais/outputs_pt2/etapa2_rbf_melhor_matriz.png Graphic file (t
ype png)
<use ../redes_neurais/outputs_pt2/etapa2_rbf_melhor_matriz.png>
Package pdftex.def Info: ../redes_neurais/outputs_pt2/etapa2_rbf_melhor_matriz.
png  used on input line 273.
(pdftex.def)             Requested size: 237.36346pt x 211.50656pt.
<../redes_neurais/outputs_pt2/etapa2_rbf_pior_matriz.png, id=125, 639.1077pt x 
569.4876pt>
File: ../redes_neurais/outputs_pt2/etapa2_rbf_pior_matriz.png Graphic file (typ
e png)
<use ../redes_neurais/outputs_pt2/etapa2_rbf_pior_matriz.png>
Package pdftex.def Info: ../redes_neurais/outputs_pt2/etapa2_rbf_pior_matriz.pn
g  used on input line 278.
(pdftex.def)             Requested size: 237.36346pt x 211.50656pt.

[7 <../redes_neurais/outputs_pt2/etapa2_mlp_melhor_matriz.png> <../redes_neurai
s/outputs_pt2/etapa2_mlp_pior_matriz.png> <../redes_neurais/outputs_pt2/etapa2_
rbf_melhor_matriz.png> <../redes_neurais/outputs_pt2/etapa2_rbf_pior_matriz.png
>] [8] (./av2.aux)
Package rerunfilecheck Info: File `av2.out' has not changed.
(rerunfilecheck)             Checksum: 187A2FED06811225B2857222F0457C62;1572.
 ) 
Here is how much of TeX's memory you used:
 11947 strings out of 476041
 194420 string characters out of 5793174
 1867388 words of memory out of 6000000
 32165 multiletter control sequences out of 15000+600000
 634612 words of font info for 158 fonts, out of 8000000 for 9000
 1137 hyphenation exceptions out of 8191
 75i,8n,76p,1087b,451s stack positions out of 10000i,1000n,20000p,200000b,200000s
</usr/share/texlive/texmf-dist/fonts/type1/public/amsfonts/cm/cmmi10.pfb></us
r/share/texlive/texmf-dist/fonts/type1/public/amsfonts/cm/cmmi8.pfb></usr/share
/texlive/texmf-dist/fonts/type1/public/amsfonts/cm/cmr10.pfb></usr/share/texliv
e/texmf-dist/fonts/type1/public/amsfonts/cm/cmr6.pfb></usr/share/texlive/texmf-
dist/fonts/type1/public/amsfonts/cm/cmr7.pfb></usr/share/texlive/texmf-dist/fon
ts/type1/public/amsfonts/cm/cmr8.pfb></usr/share/texlive/texmf-dist/fonts/type1
/public/amsfonts/cm/cmr9.pfb></usr/share/texlive/texmf-dist/fonts/type1/public/
amsfonts/cm/cmsy10.pfb></usr/share/texlive/texmf-dist/fonts/type1/public/amsfon
ts/cm/cmsy7.pfb></usr/share/texlive/texmf-dist/fonts/type1/public/amsfonts/cm/c
msy8.pfb></usr/share/texlive/texmf-dist/fonts/type1/public/amsfonts/cm/cmsy9.pf
b></usr/share/texlive/texmf-dist/fonts/type1/public/amsfonts/symbols/msbm10.pfb
></usr/share/texlive/texmf-dist/fonts/type1/urw/courier/ucrr8a.pfb></usr/share/
texlive/texmf-dist/fonts/type1/urw/times/utmb8a.pfb></usr/share/texlive/texmf-d
ist/fonts/type1/urw/times/utmr8a.pfb></usr/share/texlive/texmf-dist/fonts/type1
/urw/times/utmri8a.pfb>
Output written on av2.pdf (8 pages, 2580776 bytes).
PDF statistics:
 225 PDF objects out of 1000 (max. 8388607)
 151 compressed objects within 2 object streams
 40 named destinations out of 1000 (max. 500000)
 148 words of extra memory for PDF output out of 10000 (max. 10000000)

